Correo enviado correctamente a clashquest0152@gmail.com.
Correo enviado correctamente a jrex66.0discord@gmail.com.
Correo enviado correctamente a rexdin976@gmail.com.
Correo enviado correctamente a jrexdiscord@gmail.com.
Correo enviado correctamente a daniprololero@gmail.com.
Correo enviado correctamente a ataquelolip@gmail.com.
Correo enviado correctamente a david.morales.gojo@gmail.com.
Correo enviado correctamente a reportes.proyecto.gamma@gmail.com.
Correo enviado correctamente a pezpezpezx3@gmail.com.
Correo enviado correctamente a strly.comehuevos@gmail.com.
Correo enviado correctamente a raulbecasylefillas@gmail.com.
Correo enviado correctamente a dalxirp294@gmail.com.
Correo enviado correctamente a weightofconscience.band@gmail.com.
Correo enviado correctamente a ruidav.salesianos24@gmail.com.
Correo enviado correctamente a davidmrg869@gmail.com.
Correo enviado correctamente a dalxiforge@gmail.com.
Correo enviado correctamente a judithpg93@gmail.com.
Error al enviar correo a ruiz.godav25@zaragoza.salesianos.edu: [SSL: WRONG_VERSION_NUMBER] wrong version number (_ssl.c:1032)
Error al enviar correo a bartolome.armig23@zaragoza.salesianos.edu: [SSL: WRONG_VERSION_NUMBER] wrong version number (_ssl.c:1032)
Error al enviar correo a batanero.sajav26@zaragoza.salesianos.edu: [SSL: WRONG_VERSION_NUMBER] wrong version number (_ssl.c:1032)
Error al enviar correo a briz.busam25@zaragoza.salesianos.edu: [SSL: WRONG_VERSION_NUMBER] wrong version number (_ssl.c:1032)
Error al enviar correo a caballero.rudra25@zaragoza.salesianos.edu: [SSL: WRONG_VERSION_NUMBER] wrong version number (_ssl.c:1032)
Error al enviar correo a calvo.fealv22@zaragoza.salesianos.edu: [SSL: WRONG_VERSION_NUMBER] wrong version number (_ssl.c:1032)
Error al enviar correo a defelipe.dejav25@zaragoza.salesianos.edu: [SSL: WRONG_VERSION_NUMBER] wrong version number (_ssl.c:1032)
Error al enviar correo a gotor.leser24@zaragoza.salesianos.edu: [SSL: WRONG_VERSION_NUMBER] wrong version number (_ssl.c:1032)
Error al enviar correo a laguna.gajor25@zaragoza.salesianos.edu: [SSL: WRONG_VERSION_NUMBER] wrong version number (_ssl.c:1032)
Error al enviar correo a lopez.podie26@zaragoza.salesianos.edu: [SSL: WRONG_VERSION_NUMBER] wrong version number (_ssl.c:1032)
Correo enviado correctamente a ruiz.godav25@zaragoza.salesianos.edu.
Correo enviado correctamente a bartolome.armig23@zaragoza.salesianos.edu.
Correo enviado correctamente a batanero.sajav26@zaragoza.salesianos.edu.
Correo enviado correctamente a briz.busam25@zaragoza.salesianos.edu.
Correo enviado correctamente a caballero.rudra25@zaragoza.salesianos.edu.
Correo enviado correctamente a calvo.fealv22@zaragoza.salesianos.edu.
Correo enviado correctamente a defelipe.dejav25@zaragoza.salesianos.edu.
Correo enviado correctamente a gotor.leser24@zaragoza.salesianos.edu.
Correo enviado correctamente a laguna.gajor25@zaragoza.salesianos.edu.
Correo enviado correctamente a lopez.podie26@zaragoza.salesianos.edu.
Correo enviado correctamente a mancholas.gogui25@zaragoza.salesianos.edu.
Correo enviado correctamente a marcu.jua25@zaragoza.salesianos.edu.
Correo enviado correctamente a marin.goana25@zaragoza.salesianos.edu.
Correo enviado correctamente a marques.baiva25@zaragoza.salesianos.edu.
Correo enviado correctamente a martin.pulor25@zaragoza.salesianos.edu.
Correo enviado correctamente a munoz.rosam26@zaragoza.salesianos.edu.
Correo enviado correctamente a olivares.codan25@zaragoza.salesianos.edu.
Correo enviado correctamente a paricio.paeri25@zaragoza.salesianos.edu.
Correo enviado correctamente a penacho.livic25@zaragoza.salesianos.edu.
Correo enviado correctamente a perez.gaang25@zaragoza.salesianos.edu.
Correo enviado correctamente a perez.ludan25@zaragoza.salesianos.edu.
Correo enviado correctamente a quilez.tamar25@zaragoza.salesianos.edu.
Correo enviado correctamente a romero.moser25@zaragoza.salesianos.edu.
Correo enviado correctamente a ruiz.godav25@zaragoza.salesianos.edu.
Correo enviado correctamente a sabariego.alpab25@zaragoza.salesianos.edu.
Correo enviado correctamente a salvador.samar25@zaragoza.salesianos.edu.
Correo enviado correctamente a tejero.trale25@zaragoza.salesianos.edu.
Correo enviado correctamente a trebejo.banic25@zaragoza.salesianos.edu.
Correo enviado correctamente a ungureanu.bog25@zaragoza.salesianos.edu.
Correo enviado correctamente a merche.lopez@zaragoza.salesianos.edu.
Correo enviado correctamente a ruiz.godav25@zaragoza.salesianos.edu.
Correo enviado correctamente a secretaria.zaragoza@salesianos.edu.
Correo enviado correctamente a comunicacion.zaragoza@salesianos.edu.
Correo enviado correctamente a bartolome.armig23@zaragoza.salesianos.edu.
Correo enviado correctamente a batanero.sajav26@zaragoza.salesianos.edu.
Correo enviado correctamente a briz.busam25@zaragoza.salesianos.edu.
Correo enviado correctamente a caballero.rudra25@zaragoza.salesianos.edu.
Correo enviado correctamente a calvo.fealv22@zaragoza.salesianos.edu.
Correo enviado correctamente a defelipe.dejav25@zaragoza.salesianos.edu.
Correo enviado correctamente a gotor.leser24@zaragoza.salesianos.edu.
Correo enviado correctamente a ruiz.godav25@zaragoza.salesianos.edu.
Correo enviado correctamente a bartolome.armig23@zaragoza.salesianos.edu.
Correo enviado correctamente a batanero.sajav26@zaragoza.salesianos.edu.
Correo enviado correctamente a briz.busam25@zaragoza.salesianos.edu.
Correo enviado correctamente a caballero.rudra25@zaragoza.salesianos.edu.
Correo enviado correctamente a calvo.fealv22@zaragoza.salesianos.edu.
Correo enviado correctamente a defelipe.dejav25@zaragoza.salesianos.edu.
Correo enviado correctamente a gotor.leser24@zaragoza.salesianos.edu.
Correo enviado correctamente a laguna.gajor25@zaragoza.salesianos.edu.
Correo enviado correctamente a lopez.podie26@zaragoza.salesianos.edu.
Correo enviado correctamente a ruiz.godav25@zaragoza.salesianos.edu.
Correo enviado correctamente a bartolome.armig23@zaragoza.salesianos.edu.
Correo enviado correctamente a batanero.sajav26@zaragoza.salesianos.edu.
Correo enviado correctamente a briz.busam25@zaragoza.salesianos.edu.
Correo enviado correctamente a caballero.rudra25@zaragoza.salesianos.edu.
Correo enviado correctamente a calvo.fealv22@zaragoza.salesianos.edu.
Correo enviado correctamente a defelipe.dejav25@zaragoza.salesianos.edu.
Correo enviado correctamente a gotor.leser24@zaragoza.salesianos.edu.
Correo enviado correctamente a laguna.gajor25@zaragoza.salesianos.edu.
Correo enviado correctamente a lopez.podie26@zaragoza.salesianos.edu.
Correo enviado correctamente a ruiz.godav25@zaragoza.salesianos.edu.
Correo enviado correctamente a bartolome.armig23@zaragoza.salesianos.edu.
Correo enviado correctamente a batanero.sajav26@zaragoza.salesianos.edu.
Correo enviado correctamente a briz.busam25@zaragoza.salesianos.edu.
Correo enviado correctamente a caballero.rudra25@zaragoza.salesianos.edu.
Correo enviado correctamente a calvo.fealv22@zaragoza.salesianos.edu.
Correo enviado correctamente a defelipe.dejav25@zaragoza.salesianos.edu.
Correo enviado correctamente a gotor.leser24@zaragoza.salesianos.edu.
Correo enviado correctamente a laguna.gajor25@zaragoza.salesianos.edu.
Correo enviado correctamente a lopez.podie26@zaragoza.salesianos.edu.
Correo enviado correctamente a ruiz.godav25@zaragoza.salesianos.edu.
Correo enviado correctamente a bartolome.armig23@zaragoza.salesianos.edu.
Correo enviado correctamente a batanero.sajav26@zaragoza.salesianos.edu.
Correo enviado correctamente a briz.busam25@zaragoza.salesianos.edu.
Correo enviado correctamente a caballero.rudra25@zaragoza.salesianos.edu.
Correo enviado correctamente a calvo.fealv22@zaragoza.salesianos.edu.
Correo enviado correctamente a defelipe.dejav25@zaragoza.salesianos.edu.
Correo enviado correctamente a gotor.leser24@zaragoza.salesianos.edu.
Correo enviado correctamente a laguna.gajor25@zaragoza.salesianos.edu.
Correo enviado correctamente a lopez.podie26@zaragoza.salesianos.edu.
Correo enviado correctamente a ruiz.godav25@zaragoza.salesianos.edu.
Correo enviado correctamente a bartolome.armig23@zaragoza.salesianos.edu.
Correo enviado correctamente a batanero.sajav26@zaragoza.salesianos.edu.
Correo enviado correctamente a briz.busam25@zaragoza.salesianos.edu.
Correo enviado correctamente a caballero.rudra25@zaragoza.salesianos.edu.
Correo enviado correctamente a calvo.fealv22@zaragoza.salesianos.edu.
Correo enviado correctamente a defelipe.dejav25@zaragoza.salesianos.edu.
Correo enviado correctamente a gotor.leser24@zaragoza.salesianos.edu.
Correo enviado correctamente a laguna.gajor25@zaragoza.salesianos.edu.
Correo enviado correctamente a lopez.podie26@zaragoza.salesianos.edu.
Correo enviado correctamente a ruiz.godav25@zaragoza.salesianos.edu.
Correo enviado correctamente a bartolome.armig23@zaragoza.salesianos.edu.
Correo enviado correctamente a batanero.sajav26@zaragoza.salesianos.edu.
Correo enviado correctamente a briz.busam25@zaragoza.salesianos.edu.
Correo enviado correctamente a caballero.rudra25@zaragoza.salesianos.edu.
Correo enviado correctamente a calvo.fealv22@zaragoza.salesianos.edu.
Correo enviado correctamente a defelipe.dejav25@zaragoza.salesianos.edu.
Correo enviado correctamente a gotor.leser24@zaragoza.salesianos.edu.
Correo enviado correctamente a laguna.gajor25@zaragoza.salesianos.edu.
Correo enviado correctamente a lopez.podie26@zaragoza.salesianos.edu.
Correo enviado correctamente a ruiz.godav25@zaragoza.salesianos.edu.
Correo enviado correctamente a bartolome.armig23@zaragoza.salesianos.edu.
Correo enviado correctamente a batanero.sajav26@zaragoza.salesianos.edu.
Correo enviado correctamente a briz.busam25@zaragoza.salesianos.edu.
Correo enviado correctamente a caballero.rudra25@zaragoza.salesianos.edu.
Correo enviado correctamente a calvo.fealv22@zaragoza.salesianos.edu.
Correo enviado correctamente a defelipe.dejav25@zaragoza.salesianos.edu.
Correo enviado correctamente a gotor.leser24@zaragoza.salesianos.edu.
Correo enviado correctamente a laguna.gajor25@zaragoza.salesianos.edu.
Correo enviado correctamente a lopez.podie26@zaragoza.salesianos.edu.
Correo enviado correctamente a ruiz.godav25@zaragoza.salesianos.edu.
Correo enviado correctamente a bartolome.armig23@zaragoza.salesianos.edu.
Correo enviado correctamente a batanero.sajav26@zaragoza.salesianos.edu.
Correo enviado correctamente a briz.busam25@zaragoza.salesianos.edu.
Correo enviado correctamente a caballero.rudra25@zaragoza.salesianos.edu.
Correo enviado correctamente a calvo.fealv22@zaragoza.salesianos.edu.
Correo enviado correctamente a defelipe.dejav25@zaragoza.salesianos.edu.
Correo enviado correctamente a gotor.leser24@zaragoza.salesianos.edu.
Correo enviado correctamente a laguna.gajor25@zaragoza.salesianos.edu.
Correo enviado correctamente a lopez.podie26@zaragoza.salesianos.edu.
Correo enviado correctamente a ruiz.godav25@zaragoza.salesianos.edu.
Correo enviado correctamente a bartolome.armig23@zaragoza.salesianos.edu.
Correo enviado correctamente a batanero.sajav26@zaragoza.salesianos.edu.
Correo enviado correctamente a briz.busam25@zaragoza.salesianos.edu.
Correo enviado correctamente a caballero.rudra25@zaragoza.salesianos.edu.
Correo enviado correctamente a calvo.fealv22@zaragoza.salesianos.edu.
Correo enviado correctamente a defelipe.dejav25@zaragoza.salesianos.edu.
Correo enviado correctamente a gotor.leser24@zaragoza.salesianos.edu.
Correo enviado correctamente a laguna.gajor25@zaragoza.salesianos.edu.
Correo enviado correctamente a lopez.podie26@zaragoza.salesianos.edu.
Correo enviado correctamente a ruiz.godav25@zaragoza.salesianos.edu.
Correo enviado correctamente a bartolome.armig23@zaragoza.salesianos.edu.
Correo enviado correctamente a batanero.sajav26@zaragoza.salesianos.edu.
Correo enviado correctamente a briz.busam25@zaragoza.salesianos.edu.
Correo enviado correctamente a caballero.rudra25@zaragoza.salesianos.edu.
Correo enviado correctamente a calvo.fealv22@zaragoza.salesianos.edu.
Correo enviado correctamente a defelipe.dejav25@zaragoza.salesianos.edu.
Correo enviado correctamente a gotor.leser24@zaragoza.salesianos.edu.
Correo enviado correctamente a laguna.gajor25@zaragoza.salesianos.edu.
Correo enviado correctamente a lopez.podie26@zaragoza.salesianos.edu.
Correo enviado correctamente a ruiz.godav25@zaragoza.salesianos.edu.
Correo enviado correctamente a bartolome.armig23@zaragoza.salesianos.edu.
Correo enviado correctamente a batanero.sajav26@zaragoza.salesianos.edu.
Correo enviado correctamente a briz.busam25@zaragoza.salesianos.edu.
Correo enviado correctamente a caballero.rudra25@zaragoza.salesianos.edu.
Correo enviado correctamente a calvo.fealv22@zaragoza.salesianos.edu.
Correo enviado correctamente a defelipe.dejav25@zaragoza.salesianos.edu.
Correo enviado correctamente a gotor.leser24@zaragoza.salesianos.edu.
Correo enviado correctamente a laguna.gajor25@zaragoza.salesianos.edu.
Correo enviado correctamente a lopez.podie26@zaragoza.salesianos.edu.
